2026-02-27T07:58:47.151+00:00 INFO  | | | | - clean process. `pid`: 114937, `parent_pid`: 114932, `name`: "tokio-runtime-w"
2026-02-27T07:58:47.151+00:00 INFO  | | | | - clean process. `pid`: 114940, `parent_pid`: 114932, `name`: "tokio-runtime-w"
2026-02-27T07:58:47.151+00:00 INFO  | | | | - clean process. `pid`: 114938, `parent_pid`: 114932, `name`: "tokio-runtime-w"
2026-02-27T07:58:47.151+00:00 INFO  | | | | - clean process. `pid`: 114934, `parent_pid`: 114932, `name`: "tokio-runtime-w"
2026-02-27T07:58:47.151+00:00 INFO  | | | | - clean process. `pid`: 114941, `parent_pid`: 114932, `name`: "OpenTelemetry.T"
2026-02-27T07:58:47.151+00:00 INFO  | | | | - clean process. `pid`: 114933, `parent_pid`: 114932, `name`: "tokio-runtime-w"
2026-02-27T07:58:47.151+00:00 INFO  | | | | - clean process. `pid`: 114942, `parent_pid`: 114932, `name`: "bash"
2026-02-27T07:58:47.151+00:00 INFO  | | | | - clean process. `pid`: 114936, `parent_pid`: 114932, `name`: "tokio-runtime-w"
2026-02-27T07:58:47.151+00:00 INFO  | | | | - clean process. `pid`: 114939, `parent_pid`: 114932, `name`: "tokio-runtime-w"
2026-02-27T07:58:47.151+00:00 INFO  | | | | - clean process. `pid`: 114935, `parent_pid`: 114932, `name`: "tokio-runtime-w"
2026-02-27T07:58:47.151+00:00 INFO  | | | | - clean process. `pid`: 114932, `parent_pid`: 114168, `name`: "pcli"
2026-02-27T07:58:47.151+00:00 INFO  | | | | $ wait_process_exit. `timeout`: 30s, `force`: 5s
2026-02-27T07:58:47.217+00:00 INFO  | | | | | - process exited. `pid`: 114937, `parent_pid`: 114932, `name`: "tokio-runtime-w"
2026-02-27T07:58:47.267+00:00 INFO  | | | | | - process exited. `pid`: 114940, `parent_pid`: 114932, `name`: "tokio-runtime-w"
2026-02-27T07:58:47.321+00:00 INFO  | | | | | - process exited. `pid`: 114938, `parent_pid`: 114932, `name`: "tokio-runtime-w"
2026-02-27T07:58:47.378+00:00 INFO  | | | | | - process exited. `pid`: 114934, `parent_pid`: 114932, `name`: "tokio-runtime-w"
2026-02-27T07:58:47.422+00:00 INFO  | | | | | - process exited. `pid`: 114941, `parent_pid`: 114932, `name`: "OpenTelemetry.T"
2026-02-27T07:58:47.463+00:00 INFO  | | | | | - process exited. `pid`: 114933, `parent_pid`: 114932, `name`: "tokio-runtime-w"
2026-02-27T07:58:47.507+00:00 INFO  | | | | | - process exited. `pid`: 114942, `parent_pid`: 114932, `name`: "bash"
2026-02-27T07:58:47.553+00:00 INFO  | | | | | - process exited. `pid`: 114936, `parent_pid`: 114932, `name`: "tokio-runtime-w"
2026-02-27T07:58:47.600+00:00 INFO  | | | | | - process exited. `pid`: 114939, `parent_pid`: 114932, `name`: "tokio-runtime-w"
2026-02-27T07:58:47.649+00:00 INFO  | | | | | - process exited. `pid`: 114935, `parent_pid`: 114932, `name`: "tokio-runtime-w"